[    0.000000] Initializing cgroup subsys cpuset
[    0.000000] Initializing cgroup subsys cpu
[    0.000000] Initializing cgroup subsys cpuacct
[    0.000000] Linux version 4.4.0-201-generic (buildd@lgw01-amd64-044) (gcc version 5.4.0 20160609 (Ubuntu 5.4.0-6ubuntu1~16.04.12) ) #233-Ubuntu SMP Thu Jan 14 06:10:28 UTC 2021 (Ubuntu 4.4.0-201.233-generic 4.4.247)
[    0.000000] Command line: BOOT_IMAGE=/boot/vmlinuz-4.4.0-201-generic root=LABEL=cloudimg-rootfs ro console=tty1 console=ttyS0
[    0.000000] KERNEL supported cpus:
[    0.000000]   Intel GenuineIntel
[    0.000000]   AMD AuthenticAMD
[    0.000000]   Centaur CentaurHauls
[    0.000000] x86/fpu: Legacy x87 FPU detected.
[    0.000000] e820: BIOS-provided physical RAM map:
[    0.000000] BIOS-e820: [mem 0x0000000000000000-0x000000000009fbff] usable
[    0.000000] BIOS-e820: [mem 0x000000000009fc00-0x000000000009ffff] reserved
[    0.000000] BIOS-e820: [mem 0x00000000000f0000-0x00000000000fffff] reserved
[    0.000000] BIOS-e820: [mem 0x0000000000100000-0x000000007ffeffff] usable
[    0.000000] BIOS-e820: [mem 0x000000007fff0000-0x000000007fffffff] ACPI data
[    0.000000] BIOS-e820: [mem 0x00000000fec00000-0x00000000fec00fff] reserved
[    0.000000] BIOS-e820: [mem 0x00000000fee00000-0x00000000fee00fff] reserved
[    0.000000] BIOS-e820: [mem 0x00000000fffc0000-0x00000000ffffffff] reserved
[    0.000000] NX (Execute Disable) protection: active
[    0.000000] SMBIOS 2.5 present.
[    0.000000] Hypervisor detected: KVM
[    0.000000] Kernel/User page tables isolation: disabled
[    0.000000] e820: last_pfn = 0x7fff0 max_arch_pfn = 0x400000000
[    0.000000] MTRR: Disabled
[    0.000000] x86/PAT: MTRRs disabled, skipping PAT initialization too.
[    0.000000] CPU MTRRs all blank - virtualized system.
[    0.000000] x86/PAT: Configuration [0-7]: WB  WT  UC- UC  WB  WT  UC- UC  
[    0.000000] found SMP MP-table at [mem 0x0009fff0-0x0009ffff] mapped at [ffff88000009fff0]
[    0.000000] Scanning 1 areas for low memory corruption
[    0.000000] RAMDISK: [mem 0x362e0000-0x37167fff]
[    0.000000] ACPI: Early table checksum verification disabled
[    0.000000] ACPI: RSDP 0x00000000000E0000 000024 (v02 VBOX  )
[    0.000000] ACPI: XSDT 0x000000007FFF0030 00003C (v01 VBOX   VBOXXSDT 00000001 ASL  00000061)
[    0.000000] ACPI: FACP 0x000000007FFF00F0 0000F4 (v04 VBOX   VBOXFACP 00000001 ASL  00000061)
[    0.000000] ACPI: DSDT 0x000000007FFF0470 002325 (v02 VBOX   VBOXBIOS 00000002 INTL 20100528)
[    0.000000] ACPI: FACS 0x000000007FFF0200 000040
[    0.000000] ACPI: FACS 0x000000007FFF0200 000040
[    0.000000] ACPI: APIC 0x000000007FFF0240 00005C (v02 VBOX   VBOXAPIC 00000001 ASL  00000061)
[    0.000000] ACPI: SSDT 0x000000007FFF02A0 0001CC (v01 VBOX   VBOXCPUT 00000002 INTL 20100528)
[    0.000000] No NUMA configuration found
[    0.000000] Faking a node at [mem 0x0000000000000000-0x000000007ffeffff]
[    0.000000] NODE_DATA(0) allocated [mem 0x7ffeb000-0x7ffeffff]
[    0.000000] kvm-clock: Using msrs 4b564d01 and 4b564d00
[    0.000000] kvm-clock: cpu 0, msr 0:7ffe3001, primary cpu clock
[    0.000000] kvm-clock: using sched offset of 4080987303 cycles
[    0.000000] clocksource: kvm-clock: mask: 0xffffffffffffffff max_cycles: 0x1cd42e4dffb, max_idle_ns: 881590591483 ns
[    0.000000] Zone ranges:
[    0.000000]   DMA      [mem 0x0000000000001000-0x0000000000ffffff]
[    0.000000]   DMA32    [mem 0x0000000001000000-0x000000007ffeffff]
[    0.000000]   Normal   empty
[    0.000000]   Device   empty
[    0.000000] Movable zone start for each node
[    0.000000] Early memory node ranges
[    0.000000]   node   0: [mem 0x0000000000001000-0x000000000009efff]
[    0.000000]   node   0: [mem 0x0000000000100000-0x000000007ffeffff]
[    0.000000] Initmem setup node 0 [mem 0x0000000000001000-0x000000007ffeffff]
[    0.000000] ACPI: PM-Timer IO Port: 0x4008
[    0.000000] IOAPIC[0]: apic_id 2, version 32, address 0xfec00000, GSI 0-23
[    0.000000] ACPI: INT_SRC_OVR (bus 0 bus_irq 0 global_irq 2 dfl dfl)
[    0.000000] ACPI: INT_SRC_OVR (bus 0 bus_irq 9 global_irq 9 low level)
[    0.000000] Using ACPI (MADT) for SMP configuration information
[    0.000000] smpboot: Allowing 2 CPUs, 0 hotplug CPUs
[    0.000000] PM: Registered nosave memory: [mem 0x00000000-0x00000fff]
[    0.000000] PM: Registered nosave memory: [mem 0x0009f000-0x0009ffff]
[    0.000000] PM: Registered nosave memory: [mem 0x000a0000-0x000effff]
[    0.000000] PM: Registered nosave memory: [mem 0x000f0000-0x000fffff]
[    0.000000] e820: [mem 0x80000000-0xfebfffff] available for PCI devices
[    0.000000] Booting paravirtualized kernel on KVM
[    0.000000] clocksource: refined-jiffies: mask: 0xffffffff max_cycles: 0xffffffff, max_idle_ns: 7645519600211568 ns
[    0.000000] setup_percpu: NR_CPUS:512 nr_cpumask_bits:512 nr_cpu_ids:2 nr_node_ids:1
[    0.000000] PERCPU: Embedded 33 pages/cpu @ffff88007fc00000 s95640 r8192 d31336 u1048576
[    0.000000] Built 1 zonelists in Node order, mobility grouping on.  Total pages: 515960
[    0.000000] Policy zone: DMA32
[    0.000000] Kernel command line: BOOT_IMAGE=/boot/vmlinuz-4.4.0-201-generic root=LABEL=cloudimg-rootfs ro console=tty1 console=ttyS0
[    0.000000] PID hash table entries: 4096 (order: 3, 32768 bytes)
[    0.000000] Memory: 2029856K/2096696K available (8641K kernel code, 1337K rwdata, 4044K rodata, 1492K init, 1296K bss, 66840K reserved, 0K cma-reserved)
[    0.000000] SLUB: HWalign=64, Order=0-3, MinObjects=0, CPUs=2, Nodes=1
[    0.000000] Hierarchical RCU implementation.
[    0.000000] 	Build-time adjustment of leaf fanout to 64.
[    0.000000] 	RCU restricting CPUs from NR_CPUS=512 to nr_cpu_ids=2.
[    0.000000] RCU: Adjusting geometry for rcu_fanout_leaf=64, nr_cpu_ids=2
[    0.000000] NR_IRQS:33024 nr_irqs:440 16
[    0.000000] Console: colour VGA+ 80x25
[    0.000000] console [tty1] enabled
[    0.000000] console [ttyS0] enabled
[    0.000000] tsc: Detected 1800.004 MHz processor
[    0.588088] Calibrating delay loop (skipped) preset value.. 3600.00 BogoMIPS (lpj=7200016)
[    0.593712] pid_max: default: 32768 minimum: 301
[    0.596410] ACPI: Core revision 20150930
[    0.599858] ACPI: 2 ACPI AML tables successfully acquired and loaded
[    0.605045] Security Framework initialized
[    0.607949] Yama: becoming mindful.
[    0.610097] AppArmor: AppArmor initialized
[    0.612582] Dentry cache hash table entries: 262144 (order: 9, 2097152 bytes)
[    0.624963] Inode-cache hash table entries: 131072 (order: 8, 1048576 bytes)
[    0.635396] Mount-cache hash table entries: 4096 (order: 3, 32768 bytes)
[    0.640565] Mountpoint-cache hash table entries: 4096 (order: 3, 32768 bytes)
[    0.646185] Initializing cgroup subsys io
[    0.649338] Initializing cgroup subsys memory
[    0.651984] Initializing cgroup subsys devices
[    0.654717] Initializing cgroup subsys freezer
[    0.657251] Initializing cgroup subsys net_cls
[    0.660552] Initializing cgroup subsys perf_event
[    0.663191] Initializing cgroup subsys net_prio
[    0.666623] Initializing cgroup subsys hugetlb
[    0.669543] Initializing cgroup subsys pids
[    0.673253] mce: CPU supports 0 MCE banks
[    0.675934] Last level iTLB entries: 4KB 64, 2MB 8, 4MB 8
[    0.679102] Last level dTLB entries: 4KB 64, 2MB 0, 4MB 0, 1GB 4
[    0.682589] Spectre V1 : Mitigation: usercopy/swapgs barriers and __user pointer sanitization
[    0.688807] Spectre V2 : Mitigation: Enhanced IBRS
[    0.691810] Spectre V2 : Spectre v2 / SpectreRSB mitigation: Filling RSB on context switch
[    0.697046] Speculative Store Bypass: Vulnerable
[    0.715314] Freeing SMP alternatives memory: 36K
[    0.751677] ftrace: allocating 32361 entries in 127 pages
[    1.176098] smpboot: APIC(0) Converting physical 0 to logical package 0
[    1.180930] smpboot: Max logical packages: 1
[    1.195170] ..TIMER: vector=0x30 apic1=0 pin1=2 apic2=-1 pin2=-1
[    1.307784] smpboot: CPU0: Intel(R) Core(TM) i5-8265U CPU @ 1.60GHz (family: 0x6, model: 0x8e, stepping: 0xc)
[    1.315195] Performance Events: unsupported p6 CPU model 142 no PMU driver, software events only.
[    1.359792] KVM setup paravirtual spinlock
[    1.365527] x86: Booting SMP configuration:
[    1.368560] .... node  #0, CPUs:      #1
[    1.372209] kvm-clock: cpu 1, msr 0:7ffe3041, secondary cpu clock
[    1.374749] mce: CPU supports 0 MCE banks
[    1.377574] TSC synchronization [CPU#0 -> CPU#1]:
[    1.380177] Measured 37846 cycles TSC warp between CPUs, turning off TSC clock.
[    1.384588] tsc: Marking TSC unstable due to check_tsc_sync_source failed
[    0.357339] x86: Booted up 1 node, 2 CPUs
[    0.360004] smpboot: Total of 2 processors activated (7200.01 BogoMIPS)
[    0.368195] devtmpfs: initialized
[    0.374121] evm: security.selinux
[    0.376006] evm: security.SMACK64
[    0.377884] evm: security.SMACK64EXEC
[    0.380002] evm: security.SMACK64TRANSMUTE
[    0.382296] evm: security.SMACK64MMAP
[    0.384004] evm: security.ima
[    0.388002] evm: security.capability
[    0.390287] clocksource: jiffies: mask: 0xffffffff max_cycles: 0xffffffff, max_idle_ns: 7645041785100000 ns
[    0.392012] futex hash table entries: 512 (order: 3, 32768 bytes)
[    0.396441] pinctrl core: initialized pinctrl subsystem
[    0.400296] RTC time: 13:51:10, date: 03/03/21
[    0.404882] NET: Registered protocol family 16
[    0.420007] cpuidle: using governor ladder
[    0.432005] cpuidle: using governor menu
[    0.434896] PCCT header not found.
[    0.436158] ACPI: bus type PCI registered
[    0.438302] acpiphp: ACPI Hot Plug PCI Controller Driver version: 0.5
[    0.440273] PCI: Using configuration type 1 for base access
[    0.460779] ACPI: Added _OSI(Module Device)
[    0.464003] ACPI: Added _OSI(Processor Device)
[    0.466324] ACPI: Added _OSI(3.0 _SCP Extensions)
[    0.468002] ACPI: Added _OSI(Processor Aggregator Device)
[    0.472832] ACPI: Executed 1 blocks of module-level executable AML code
[    0.482596] ACPI: Interpreter enabled
[    0.484009] ACPI: (supports S0 S5)
[    0.485877] ACPI: Using IOAPIC for interrupt routing
[    0.488220] PCI: Using host bridge windows from ACPI; if necessary, use "pci=nocrs" and report a bug
[    0.497924] ACPI: PCI Root Bridge [PCI0] (domain 0000 [bus 00-ff])
[    0.500007] acpi PNP0A03:00: _OSC: OS supports [ASPM ClockPM Segments MSI]
[    0.504423] acpi PNP0A03:00: _OSC: not requesting OS control; OS requires [ExtendedConfig ASPM ClockPM MSI]
[    0.508008] acpi PNP0A03:00: fail to add MMCONFIG information, can't access extended PCI configuration space under this bridge.
[    0.512396] PCI host bridge to bus 0000:00
[    0.516004] pci_bus 0000:00: root bus resource [io  0x0000-0x0cf7 window]
[    0.520004] pci_bus 0000:00: root bus resource [io  0x0d00-0xffff window]
[    0.524003] pci_bus 0000:00: root bus resource [mem 0x000a0000-0x000bffff window]
[    0.528003] pci_bus 0000:00: root bus resource [mem 0x80000000-0xfdffffff window]
[    0.532003] pci_bus 0000:00: root bus resource [bus 00-ff]
[    0.538694] pci 0000:00:01.1: legacy IDE quirk: reg 0x10: [io  0x01f0-0x01f7]
[    0.540003] pci 0000:00:01.1: legacy IDE quirk: reg 0x14: [io  0x03f6]
[    0.544003] pci 0000:00:01.1: legacy IDE quirk: reg 0x18: [io  0x0170-0x0177]
[    0.548003] pci 0000:00:01.1: legacy IDE quirk: reg 0x1c: [io  0x0376]
[    0.618546] pci 0000:00:07.0: quirk: [io  0x4000-0x403f] claimed by PIIX4 ACPI
[    0.632020] pci 0000:00:07.0: quirk: [io  0x4100-0x410f] claimed by PIIX4 SMB
[    0.649819] ACPI: PCI Interrupt Link [LNKA] (IRQs 5 9 10 *11)
[    0.660304] ACPI: PCI Interrupt Link [LNKB] (IRQs 5 9 *10 11)
[    0.692109] ACPI: PCI Interrupt Link [LNKC] (IRQs 5 *9 10 11)
[    0.700925] ACPI: PCI Interrupt Link [LNKD] (IRQs 5 9 10 *11)
[    0.708931] ACPI: Enabled 2 GPEs in block 00 to 07
[    0.716349] vgaarb: setting as boot device: PCI:0000:00:02.0
[    0.719664] vgaarb: device added: PCI:0000:00:02.0,decodes=io+mem,owns=io+mem,locks=none
[    0.728003] vgaarb: loaded
[    0.732002] vgaarb: bridge control possible 0000:00:02.0
[    0.740369] SCSI subsystem initialized
[    0.744117] ACPI: bus type USB registered
[    0.748017] usbcore: registered new interface driver usbfs
[    0.756030] usbcore: registered new interface driver hub
[    0.760151] usbcore: registered new device driver usb
[    0.768321] PCI: Using ACPI for IRQ routing
[    0.772528] NetLabel: Initializing
[    0.776002] NetLabel:  domain hash size = 128
[    0.780001] NetLabel:  protocols = UNLABELED CIPSOv4
[    0.784014] NetLabel:  unlabeled traffic allowed by default
[    0.792089] amd_nb: Cannot enumerate AMD northbridges
[    0.796226] clocksource: Switched to clocksource kvm-clock
[    0.831766] AppArmor: AppArmor Filesystem Enabled
[    0.836142] pnp: PnP ACPI init
[    0.838850] pnp: PnP ACPI: found 3 devices
[    0.849852] clocksource: acpi_pm: mask: 0xffffff max_cycles: 0xffffff, max_idle_ns: 2085701024 ns
[    0.856338] NET: Registered protocol family 2
[    0.860491] TCP established hash table entries: 16384 (order: 5, 131072 bytes)
[    0.866139] TCP bind hash table entries: 16384 (order: 6, 262144 bytes)
[    0.871043] TCP: Hash tables configured (established 16384 bind 16384)
[    0.875712] UDP hash table entries: 1024 (order: 3, 32768 bytes)
[    0.879256] UDP-Lite hash table entries: 1024 (order: 3, 32768 bytes)
[    0.879256] NET: Registered protocol family 1
[    0.879256] pci 0000:00:00.0: Limiting direct PCI/PCI transfers
[    0.888815] pci 0000:00:01.0: Activating ISA DMA hang workarounds
[    0.892627] Unpacking initramfs...
[    0.896286] Freeing initrd memory: 14880K
[    0.896286] clocksource: tsc: mask: 0xffffffffffffffff max_cycles: 0x19f22d4590b, max_idle_ns: 440795206913 ns
[    0.896286] platform rtc_cmos: registered platform RTC device (no PNP device found)
[    0.896286] Scanning for low memory corruption every 60 seconds
[    1.281277] audit: initializing netlink subsys (disabled)
[    1.285399] audit: type=2000 audit(1614779475.929:1): initialized
[    1.290508] Initialise system trusted keyring
[    1.295162] HugeTLB registered 2 MB page size, pre-allocated 0 pages
[    1.303423] zbud: loaded
[    1.305888] VFS: Disk quotas dquot_6.6.0
[    1.308251] VFS: Dquot-cache hash table entries: 512 (order 0, 4096 bytes)
[    1.312038] squashfs: version 4.0 (2009/01/31) Phillip Lougher
[    1.316827] fuse init (API version 7.23)
[    1.319683] Key type big_key registered
[    1.323173] Allocating IMA MOK and blacklist keyrings.
[    1.335892] Key type asymmetric registered
[    1.338958] Asymmetric key parser 'x509' registered
[    1.341883] Block layer SCSI generic (bsg) driver version 0.4 loaded (major 249)
[    1.346678] io scheduler noop registered
[    1.349155] io scheduler deadline registered (default)
[    1.352208] io scheduler cfq registered
[    1.354603] pci_hotplug: PCI Hot Plug PCI Core version: 0.5
[    1.357764] pciehp: PCI Express Hot Plug Controller Driver version: 0.4
[    1.361509] ACPI: AC Adapter [AC] (on-line)
[    1.364419] input: Power Button as /devices/LNXSYSTM:00/LNXPWRBN:00/input/input0
[    1.370605] ACPI: Power Button [PWRF]
[    1.372859] input: Sleep Button as /devices/LNXSYSTM:00/LNXSLPBN:00/input/input1
[    1.377501] ACPI: Sleep Button [SLPF]
[    1.380426] GHES: HEST is not enabled!
[    1.384363] ACPI: Battery Slot [BAT0] (battery present)
[    1.387098] Serial: 8250/16550 driver, 32 ports, IRQ sharing enabled
[    1.416007] 00:02: ttyS0 at I/O 0x3f8 (irq = 4, base_baud = 115200) is a 16550A
[    1.435339] Linux agpgart interface v0.103
[    1.446954] loop: module loaded
[    1.451737] scsi host0: ata_piix
[    1.455197] scsi host1: ata_piix
[    1.457318] ata1: PATA max UDMA/33 cmd 0x1f0 ctl 0x3f6 bmdma 0xd000 irq 14
[    1.461045] ata2: PATA max UDMA/33 cmd 0x170 ctl 0x376 bmdma 0xd008 irq 15
[    1.465614] libphy: Fixed MDIO Bus: probed
[    1.468925] tun: Universal TUN/TAP device driver, 1.6
[    1.471676] tun: (C) 1999-2004 Max Krasnyansky <maxk@qualcomm.com>
[    1.476429] PPP generic driver version 2.4.2
[    1.479184] ehci_hcd: USB 2.0 'Enhanced' Host Controller (EHCI) Driver
[    1.484087] ehci-pci: EHCI PCI platform driver
[    1.486564] ehci-platform: EHCI generic platform driver
[    1.489496] ohci_hcd: USB 1.1 'Open' Host Controller (OHCI) Driver
[    1.492843] ohci-pci: OHCI PCI platform driver
[    1.496045] ohci-platform: OHCI generic platform driver
[    1.499712] uhci_hcd: USB Universal Host Controller Interface driver
[    1.504132] i8042: PNP: PS/2 Controller [PNP0303:PS2K,PNP0f03:PS2M] at 0x60,0x64 irq 1,12
[    1.511521] serio: i8042 KBD port at 0x60,0x64 irq 1
[    1.515663] serio: i8042 AUX port at 0x60,0x64 irq 12
[    1.519474] mousedev: PS/2 mouse device common for all mice
[    1.525699] rtc_cmos rtc_cmos: rtc core: registered rtc_cmos as rtc0
[    1.531121] rtc_cmos rtc_cmos: alarms up to one day, 114 bytes nvram
[    1.536004] input: AT Translated Set 2 keyboard as /devices/platform/i8042/serio0/input/input2
[    1.542487] i2c /dev entries driver
[    1.545415] device-mapper: uevent: version 1.0.3
[    1.550033] device-mapper: ioctl: 4.34.0-ioctl (2015-10-28) initialised: dm-devel@redhat.com
[    1.554602] ledtrig-cpu: registered to indicate activity on CPUs
[    1.561177] NET: Registered protocol family 10
[    1.565570] NET: Registered protocol family 17
[    1.568434] Key type dns_resolver registered
[    1.573945] registered taskstats version 1
[    1.576797] Loading compiled-in X.509 certificates
[    1.580442] Loaded X.509 cert 'Build time autogenerated kernel key: 9e5e2330314f2a00b0409bdb338e201244d5149f'
[    1.586205] zswap: loaded using pool lzo/zbud
[    1.593820] Key type trusted registered
[    1.604453] Key type encrypted registered
[    1.607349] AppArmor: AppArmor sha1 policy hashing enabled
[    1.611104] ima: No TPM chip found, activating TPM-bypass!
[    1.614153] ima: Allocated hash algorithm: sha1
[    1.616871] evm: HMAC attrs: 0x1
[    1.664923]   Magic number: 13:921:886
[    1.668503] rtc_cmos rtc_cmos: setting system clock to 2021-03-03 13:51:11 UTC (1614779471)
[    1.673687] BIOS EDD facility v0.16 2004-Jun-25, 0 devices found
[    1.677896] EDD information not available.
[    1.682543] Freeing unused kernel memory: 1492K
[    1.685735] Write protecting the kernel read-only data: 14336k
[    1.690129] Freeing unused kernel memory: 1588K
[    1.693484] Freeing unused kernel memory: 52K
Loading, please wait...
starting version 229
[    1.718666] random: systemd-udevd: uninitialized urandom read (16 bytes read, 5 bits of entropy available)
[    1.719599] random: udevadm: uninitialized urandom read (16 bytes read, 5 bits of entropy available)
[    1.719612] random: udevadm: uninitialized urandom read (16 bytes read, 5 bits of entropy available)
[    1.728716] random: udevadm: uninitialized urandom read (16 bytes read, 5 bits of entropy available)
[    1.728742] random: udevadm: uninitialized urandom read (16 bytes read, 5 bits of entropy available)
[    1.728863] random: udevadm: uninitialized urandom read (16 bytes read, 5 bits of entropy available)
[    1.728924] random: udevadm: uninitialized urandom read (16 bytes read, 5 bits of entropy available)
[    1.728955] random: udevadm: uninitialized urandom read (16 bytes read, 5 bits of entropy available)
[    1.729028] random: udevadm: uninitialized urandom read (16 bytes read, 5 bits of entropy available)
[    1.729062] random: udevadm: uninitialized urandom read (16 bytes read, 5 bits of entropy available)
[    1.811492] e1000: Intel(R) PRO/1000 Network Driver - version 7.3.21-k8-NAPI
[    1.816859] e1000: Copyright (c) 1999-2006 Intel Corporation.
[    1.823283] Fusion MPT base driver 3.04.20
[    1.824113] Copyright (c) 1999-2008 LSI Corporation
[    1.845901] Fusion MPT SPI Host driver 3.04.20
[    2.363880] input: ImExPS/2 Generic Explorer Mouse as /devices/platform/i8042/serio1/input/input4
[    2.396890] e1000 0000:00:03.0 eth0: (PCI:33MHz:32-bit) 02:0d:1b:31:1c:74
[    2.401726] e1000 0000:00:03.0 eth0: Intel(R) PRO/1000 Network Connection
[    2.407311] mptbase: ioc0: Initiating bringup
[    2.408340] e1000 0000:00:03.0 enp0s3: renamed from eth0
[    2.491585] ioc0: LSI53C1030 A0: Capabilities={Initiator}
[    2.709608] scsi host2: ioc0: LSI53C1030 A0, FwRev=00000000h, Ports=1, MaxQ=256, IRQ=20
[    2.858740] scsi 2:0:0:0: Direct-Access     VBOX     HARDDISK         1.0  PQ: 0 ANSI: 5
[    2.864881] scsi target2:0:0: Beginning Domain Validation
[    2.877732] scsi target2:0:0: Domain Validation skipping write tests
[    2.881717] scsi target2:0:0: Ending Domain Validation
[    2.885451] scsi target2:0:0: asynchronous
[    2.892027] scsi 2:0:1:0: Direct-Access     VBOX     HARDDISK         1.0  PQ: 0 ANSI: 5
[    2.895934] scsi target2:0:1: Beginning Domain Validation
[    2.908683] scsi target2:0:1: Domain Validation skipping write tests
[    2.912614] scsi target2:0:1: Ending Domain Validation
[    2.915930] scsi target2:0:1: asynchronous
[    2.951745] sd 2:0:0:0: Attached scsi generic sg0 type 0
[    2.955990] sd 2:0:0:0: [sda] 83886080 512-byte logical blocks: (42.9 GB/40.0 GiB)
[    2.962193] sd 2:0:1:0: Attached scsi generic sg1 type 0
[    2.962950] sd 2:0:1:0: [sdb] 20480 512-byte logical blocks: (10.5 MB/10.0 MiB)
[    2.963572] sd 2:0:1:0: [sdb] Write Protect is off
[    2.963920] sd 2:0:1:0: [sdb] Incomplete mode parameter data
[    2.963920] sd 2:0:1:0: [sdb] Assuming drive cache: write through
[    2.966972] sd 2:0:0:0: [sda] Write Protect is off
[    2.967366] sd 2:0:0:0: [sda] Incomplete mode parameter data
[    2.967367] sd 2:0:0:0: [sda] Assuming drive cache: write through
[    2.969798] sd 2:0:1:0: [sdb] Attached SCSI disk
[    2.971822]  sda: sda1
[    2.973660] sd 2:0:0:0: [sda] Attached SCSI disk
Begin: Loading essential drivers ... [    4.591139] md: linear personality registered for level -1
[    4.599877] md: multipath personality registered for level -4
[    4.608598] md: raid0 personality registered for level 0
[    4.622615] md: raid1 personality registered for level 1
[    4.890658] raid6: sse2x1   gen() 43507 MB/s
[    6.890979] raid6: sse2x1   xor() 117604 MB/s
[    7.890473] raid6: sse2x2   gen() 239596 MB/s
[    9.891491] raid6: sse2x2   xor() 164820 MB/s
[    9.964483] raid6: sse2x4   gen() 15977 MB/s
[   10.039661] raid6: sse2x4   xor() 10478 MB/s
[   10.043583] raid6: using algorithm sse2x2 gen() 239596 MB/s
[   10.047486] raid6: .... xor() 164820 MB/s, rmw enabled
[   10.051390] raid6: using ssse3x2 recovery algorithm
[   10.056778] xor: measuring software checksum speed
[   10.100724]    prefetch64-sse: 22239.000 MB/sec
[   10.140068]    generic_sse: 18853.000 MB/sec
[   10.143097] xor: using function: prefetch64-sse (22239.000 MB/sec)
[   10.148619] async_tx: api initialized (async)
[   10.185362] md: raid6 personality registered for level 6
[   10.189236] md: raid5 personality registered for level 5
[   10.192168] md: raid4 personality registered for level 4
[   10.211821] md: raid10 personality registered for level 10
done.
Begin: Running /scripts/init-premount ... done.
Begin: Mounting root file system ... Begin: Running /scripts/local-top ... done.
Begin: Running /scripts/local-premount ... [   10.271006] Btrfs loaded
Scanning for Btrfs filesystems
done.
Warning: fsck not present, so skipping root file system
[   10.333008] EXT4-fs (sda1): mounted filesystem with ordered data mode. Opts: (null)
done.
Begin: Running /scripts/local-bottom ... done.
Begin: Running /scripts/init-bottom ... done.
[   10.487107] systemd[1]: systemd 229 running in system mode. (+PAM +AUDIT +SELINUX +IMA +APPARMOR +SMACK +SYSVINIT +UTMP +LIBCRYPTSETUP +GCRYPT +GNUTLS +ACL +XZ -LZ4 +SECCOMP +BLKID +ELFUTILS +KMOD -IDN)
[   10.499538] systemd[1]: Detected virtualization oracle.
[   10.503517] systemd[1]: Detected architecture x86-64.

Welcome to [1mUbuntu 16.04.7 LTS[0m!

[   10.512940] systemd[1]: Set hostname to <ubuntu>.
[   10.520362] systemd[1]: Initializing machine ID from random generator.
[   10.523889] systemd[1]: Installed transient /etc/machine-id file.
[   10.723600] systemd[1]: Listening on Journal Audit Socket.
[[0;32m  OK  [0m] Listening on Journal Audit Socket.
[   10.737136] systemd[1]: Listening on udev Kernel Socket.
[[0;32m  OK  [0m] Listening on udev Kernel Socket.
[   10.743207] systemd[1]: Started Trigger resolvconf update for networkd DNS.
[[0;32m  OK  [0m] Started Trigger resolvconf update for networkd DNS.
[   10.749769] systemd[1]: Reached target Swap.
[[0;32m  OK  [0m] Reached target Swap.
[   10.755122] systemd[1]: Started Forward Password Requests to Wall Directory Watch.
[[0;32m  OK  [0m] Started Forward Password Requests to Wall Directory Watch.
[   10.762993] systemd[1]: Created slice System Slice.
[[0;32m  OK  [0m] Created slice System Slice.
[   10.768214] systemd[1]: Created slice system-serial\x2dgetty.slice.
[[0;32m  OK  [0m] Created slice system-serial\x2dgetty.slice.
[   10.774178] systemd[1]: Reached target System Time Synchronized.
[[0;32m  OK  [0m] Reached target System Time Synchronized.
[   10.780734] systemd[1]: Listening on Journal Socket.
[[0;32m  OK  [0m] Listening on Journal Socket.
[   10.801159] systemd[1]: Starting Set console keymap...
         Starting Set console keymap...
[   10.812802] systemd[1]: Starting Nameserver information manager...
         Starting Nameserver information manager...
[   10.822877] systemd[1]: Listening on LVM2 poll daemon socket.
[[0;32m  OK  [0m] Listening on LVM2 poll daemon socket.
[   10.829573] systemd[1]: Set up automount Arbitrary Executable File Formats File System Automount Point.
[[0;32m  OK  [0m] Set up automount Arbitrary Executab...ats File System Automount Point.
[   10.852107] systemd[1]: Mounting Huge Pages File System...
         Mounting Huge Pages File System...
[   10.861421] systemd[1]: Mounting POSIX Message Queue File System...
         Mounting POSIX Message Queue File System...
[   10.869023] systemd[1]: Listening on /dev/initctl Compatibility Named Pipe.
[[0;32m  OK  [0m] Listening on /dev/initctl Compatibility Named Pipe.
[   10.878237] systemd[1]: Listening on Device-mapper event daemon FIFOs.
[[0;32m  OK  [0m] Listening on Device-mapper event daemon FIFOs.
[   10.887447] systemd[1]: Starting Uncomplicated firewall...
         Starting Uncomplicated firewall...
[   10.897382] systemd[1]: Reached target Encrypted Volumes.
[[0;32m  OK  [0m] Reached target Encrypted Volumes.
[   10.905010] systemd[1]: Listening on LVM2 metadata daemon socket.
[[0;32m  OK  [0m] Listening on LVM2 metadata daemon socket.
[   10.924580] systemd[1]: Starting Monitoring of LVM2 mirrors, snapshots etc. using dmeventd or progress polling...
         Starting Monitoring of LVM2 mirrors... dmeventd or progress polling...
[   10.939622] systemd[1]: Starting Remount Root and Kernel File Systems...
         Starting Remount Root and Kernel File Systems...
[   10.949647] EXT4-fs (sda1): re-mounted. Opts: (null)
[   10.952587] systemd[1]: Listening on Syslog Socket.
[[0;32m  OK  [0m] Listening on Syslog Socket.
[   10.962502] systemd[1]: Reached target User and Group Name Lookups.
[[0;32m  OK  [0m] Reached target User and Group Name Lookups.
[   10.984953] systemd[1]: Mounting Debug File System...
         Mounting Debug File System...
[   10.997859] systemd[1]: Starting Create list of required static device nodes for the current kernel...
         Starting Create list of required st... nodes for the current kernel...
[   11.010826] systemd[1]: Created slice User and Session Slice.
[[0;32m  OK  [0m] Created slice User and Session Slice.
[   11.017991] systemd[1]: Reached target Slices.
[[0;32m  OK  [0m] Reached target Slices.
[   11.035827] systemd[1]: Starting Load Kernel Modules...
         Starting Load Kernel Modules...
[   11.053418] systemd[1]: Listening on udev Control Socket.
[   11.058874] Loading iSCSI transport class v2.0-870.
[[0;32m  OK  [0m] Listening on udev Control Socket.
[   11.065586] systemd[1]: Listening on Journal Socket (/dev/log).
[[0;32m  OK  [0m] Listening on Journal Socket (/dev/log).
[   11.077781] iscsi: registered transport (tcp)
[   11.085262] systemd[1]: Starting Journal Service...
         Starting Journal Service...
[   11.097887] systemd[1]: Mounted POSIX Message Queue File System.
[[0;32m  OK  [0m] Mounted POSIX Message Queue File System.
[   11.110070] systemd[1]: Mounted Huge Pages File System.
[[0;32m  OK  [0m] Mounted Huge Pages File System.
[   11.117668] systemd[1]: Mounted Debug File System.
[[0;32m  OK  [0m] Mounted Debug File System.
[   11.130472] systemd[1]: Started Set console keymap.
[[0;32m  OK  [0m] Started Set console keymap.
[   11.162061] systemd[1]: Started Uncomplicated firewall.
[   11.167897] iscsi: registered transport (iser)
[[0;32m  OK  [0m] Started Uncomplicated firewall.
[   11.175630] systemd[1]: Started Remount Root and Kernel File Systems.
[[0;32m  OK  [0m] Started Remount Root and Kernel File Systems.
[   11.185364] systemd[1]: Started Create list of required static device nodes for the current kernel.
[[0;32m  OK  [0m] Started Create list of required sta...ce nodes for the current kernel.
[   11.194096] systemd[1]: Started Load Kernel Modules.
[[0;32m  OK  [0m] Started Load Kernel Modules.
[   11.212631] systemd[1]: Started Nameserver information manager.
[[0;32m  OK  [0m] Started Nameserver information manager.
[   11.223223] systemd[1]: Started Journal Service.
[[0;32m  OK  [0m] Started Journal Service.
[[0;32m  OK  [0m] Started LVM2 metadata daemon.
         Mounting FUSE Control File System...
         Starting Apply Kernel Variables...
         Starting Create Static Device Nodes in /dev...
         Starting Flush Journal to Persistent Storage...
         Starting Load/Save Random Seed...
         Starting udev Coldplug all Devices...
[[0;32m  OK  [0m] Mounted FUSE Control File System.
[[0;32m  OK  [0m] Started Apply Kernel Variables.
[[0;32m  OK  [0m] Started Monitoring of LVM2 mirrors,...ng dmeventd or progress polling.
[[0;32m  OK  [0m] Started Create Static Device Nodes in /dev.
[[0;32m  OK  [0m] Started Load/Save Random Seed.
         Starting udev Kernel Device Manager...
[[0;32m  OK  [0m] Reached target Local File Systems (Pre).
[[0;32m  OK  [0m] Reached target Local File Systems.
         Starting LSB: AppArmor initialization...
         Starting Commit a transient machine-id on disk...
         Starting Set console font and keymap...
         Starting Tell Plymouth To Write Out Runtime Data...
         Starting Initial cloud-init job (pre-networking)...
[[0;32m  OK  [0m] Started udev Coldplug all Devices.
[[0;32m  OK  [0m] Started Tell Plymouth To Write Out Runtime Data.
[[0;32m  OK  [0m] Started Commit a transient machine-id on disk.
[[0;32m  OK  [0m] Started udev Kernel Device Manager.
[[0;32m  OK  [0m] Started Dispatch Password Requests to Console Directory Watch.
[[0;32m  OK  [0m] Started Flush Journal to Persistent Storage.
         Starting Create Volatile Files and Directories...
[[0;32m  OK  [0m] Started Create Volatile Files and Directories.
         Starting Update UTMP about System Boot/Shutdown...
[[0;32m  OK  [0m] Started Update UTMP about System Boot/Shutdown.
[[0;32m  OK  [0m] Found device /dev/ttyS0.
[[0;32m  OK  [0m] Listening on Load/Save RF Kill Switch Status /dev/rfkill Watch.
[[0;32m  OK  [0m] Started LSB: AppArmor initialization.
[   13.281696] cloud-init[466]: Cloud-init v. 20.4.1-0ubuntu1~16.04.1 running 'init-local' at Wed, 03 Mar 2021 13:51:22 +0000. Up 13.02 seconds.
         Starting Load AppArmor profiles managed internally by snapd...
[[0;32m  OK  [0m] Started Load AppArmor profiles managed internally by snapd.
[[0;32m  OK  [0m] Started Initial cloud-init job (pre-networking).
[[0;32m  OK  [0m] Reached target Network (Pre).
         Starting Raise network interfaces...
[[0;32m  OK  [0m] Started Set console font and keymap.
[[0;32m  OK  [0m] Created slice system-getty.slice.
[[0;32m  OK  [0m] Started Raise network interfaces.
[[0;32m  OK  [0m] Reached target Network.
         Starting Initial cloud-init job (metadata service crawler)...
[   15.103599] cloud-init[925]: Cloud-init v. 20.4.1-0ubuntu1~16.04.1 running 'init' at Wed, 03 Mar 2021 13:51:24 +0000. Up 14.51 seconds.
[   15.110672] cloud-init[925]: ci-info: +++++++++++++++++++++++++++++++++++++Net device info++++++++++++++++++++++++++++++++++++++
[   15.117609] cloud-init[925]: ci-info: +--------+------+---------------------------+---------------+--------+-------------------+
[   15.125057] cloud-init[925]: ci-info: | Device |  Up  |          Address          |      Mask     | Scope  |     Hw-Address    |
[   15.132065] cloud-init[925]: ci-info: +--------+------+---------------------------+---------------+--------+-------------------+
[[0;32m  OK  [0m] Started Initial cloud-init job (metadata service crawler).
[[0;32m  OK  [0m] Reached target Cloud-config availability.
[   15.139397] cloud-init[925]: ci-info: | enp0s3 | True |         10.0.2.15         | 255.255.255.0 | global | 02:0d:1b:31:1c:74 |[[0;32m  OK  [0m] Reached target Network is Online.

[   15.157156] cloud-init[925]: ci-info: | enp0s3 | True | fe80::d:1bff:fe31:1c74/64 |       .       |  link  | 02:0d:1b:31:1c:74 |
[   15.160810] cloud-init[925]: ci-info: |   lo   | True |         127.0.0.1         |   255.0.0.0   |  host  |         .         |
[   15.164740] cloud-init[925]: ci-info: |   lo   | True |          ::1/128          |       .       |  host  |         .         |
[   15.168504] cloud-init[925]: ci-info: +--------+------+---------------------------+---------------+--------+-------------------+
[   15.172347] cloud-init[925]: ci-info: +++++++++++++++++++++++++++Route IPv4 info++++++++++++++++++++++++++++
         [   15.175539] cloud-init[925]: ci-info: +-------+-------------+----------+---------------+-----------+-------+
[   15.176940] cloud-init[925]: ci-info: | Route | Destination | Gateway  |    Genmask    | Interface | Flags |
[   15.176973] cloud-init[925]: ci-info: +-------+-------------+----------+---------------+-----------+-------+
[   15.177293] cloud-init[925]: ci-info: |   0   |   0.0.0.0   | 10.0.2.2 |    0.0.0.0    |   enp0s3  |   UG  |
[   15.177533] cloud-init[925]: ci-info: |   1   |   10.0.2.0  | 0.0.0.0  | 255.255.255.0 |   enp0s3  |   U   |
[   15.177781] cloud-init[925]: ci-info: +-------+-------------+----------+---------------+-----------+-------+
[   15.178029] cloud-init[925]: ci-info: +++++++++++++++++++Route IPv6 info+++++++++++++++++++
[   15.178279] cloud-init[925]: ci-info: +-------+-------------+---------+-----------+-------+
[   15.178533] cloud-init[925]: ci-info: | Route | Destination | Gateway | Interface | Flags |
[   15.178802] cloud-init[925]: ci-info: +-------+-------------+---------+-----------+-------+
[   15.179054] cloud-init[925]: ci-info: |   0   |  fe80::/64  |    ::   |   enp0s3  |   U   |
[   15.179281] cloud-init[925]: ci-info: |   3   |   ff00::/8  |    ::   |   enp0s3  |   U   |
[   15.179534] cloud-init[925]: ci-info: +-------+-------------+---------+-----------+-------+
[   15.179801] cloud-init[925]: Generating public/private rsa key pair.
[   15.180368] cloud-init[925]: Your identification has been saved in /etc/ssh/ssh_host_rsa_key.
[   15.180625] cloud-init[925]: Your public key has been saved in /etc/ssh/ssh_host_rsa_key.pub.
[   15.180853] cloud-init[925]: The key fingerprint is:
[   15.181100] cloud-init[925]: SHA256:y+bvbs3VE82/fDTehKOt44k93Cc02XIOhCfNEzXHcUs root@ubuntu-xenial
[   15.181376] cloud-init[925]: The key's randomart image is:
[   15.181626] cloud-init[925]: +---[RSA 2048]----+
[   15.181875] cloud-init[925]: |               E=|
[   15.182123] cloud-init[925]: |              o *|
[   15.182383] cloud-init[925]: |             + +.|
[   15.182653] cloud-init[925]: |            o *.o|
[   15.182879] cloud-init[925]: |        S    + *o|
[   15.183129] cloud-init[925]: |       . .    XoB|
[   15.183403] cloud-init[925]: |        +  + *oX=|
[   15.183633] cloud-init[925]: |       o  .oB.++=|
[   15.183902] cloud-init[925]: |        .==.=+ o.|
[   15.184458] cloud-init[925]: +----[SHA256]-----+
[   15.184685] cloud-init[925]: Generating public/private dsa key pair.
[   15.184952] cloud-init[925]: Your identification has been saved in /etc/ssh/ssh_host_dsa_key.
[   15.185190] cloud-init[925]: Your public key has been saved in /etc/ssh/ssh_host_dsa_key.pub.
[   15.185440] cloud-init[925]: The key fingerprint is:
[   15.185707] cloud-init[925]: SHA256:qL1NGFjXj1fhjIFRdeLGwJ15VqpR8+7y9dOGW/yd3+4 root@ubuntu-xenial
[   15.185937] cloud-init[925]: The key's randomart image is:
[   15.186212] cloud-init[925]: +---[DSA 1024]----+
[   15.186440] cloud-init[925]: |          .=+o*o+|
[   15.186712] cloud-init[925]: |         .. .X+Bo|
[   15.186959] cloud-init[925]: |      . . . o Oo.|
[   15.187197] cloud-init[925]: |     o o   o = . |
[   15.187465] cloud-init[925]: |    . o S . +   .|
[   15.187695] cloud-init[925]: |     o o   .   o |
[   15.187945] cloud-init[925]: |    . o .     ..*|
[   15.188569] cloud-init[925]: |       +      .=X|
[   15.188791] cloud-init[925]: |      . .     .*E|
[   15.189040] cloud-init[925]: +----[SHA256]-----+
[   15.189439] cloud-init[925]: Generating public/private ecdsa key pair.
[   15.189629] cloud-init[925]: Your identification has been saved in /etc/ssh/ssh_host_ecdsa_key.
[   15.189904] cloud-init[925]: Your public key has been saved in /etc/ssh/ssh_host_ecdsa_key.pub.
[   15.190136] cloud-init[925]: The key fingerprint is:
[   15.190384] cloud-init[925]: SHA256:i3+tahyUH11ZZS81P7KRHaCUNkWFRLIC39hxCuUYpd0 root@ubuntu-xenial
[   15.190653] cloud-init[925]: The key's randomart image is:
[   15.190883] cloud-init[925]: +---[ECDSA 256]---+
[   15.191137] cloud-init[925]: |       . oo**B+**|
[   15.191404] cloud-init[925]: |        o %+O.=o=|
[   15.191655] cloud-init[925]: |         B.X.E.oo|
[   15.191904] cloud-init[925]: |        o o . +..|
[   15.192441] cloud-init[925]: |       .S. . .   |
[   15.192686] cloud-init[925]: |       ....      |
[   15.192954] cloud-init[925]: |      .... .     |
[   15.193190] cloud-init[925]: |       .o . .    |
[   15.193456] cloud-init[925]: |       .oo..     |
[   15.193686] cloud-init[925]: +----[SHA256]-----+
[   15.193933] cloud-init[925]: Generating public/private ed25519 key pair.
[   15.194210] cloud-init[925]: Your identification has been saved in /etc/ssh/ssh_host_ed25519_key.
[   15.194439] cloud-init[925]: Your public key has been saved in /etc/ssh/ssh_host_ed25519_key.pub.
[   15.194687] cloud-init[925]: The key fingerprint is:
[   15.194983] cloud-init[925]: SHA256:g5RfN3/YguHOvguFQmgjMTelXlVLKv63ynoyrmJDSXw root@ubuntu-xenial
[   15.195202] cloud-init[925]: The key's randomart image is:
[   15.195468] cloud-init[925]: +--[ED25519 256]--+
[   15.195698] cloud-init[925]: |    o o.. ..o    |
[   15.195950] cloud-init[925]: |     + = . o .   |
[   15.196519] cloud-init[925]: |   .. B + o =    |
[   15.196746] cloud-init[925]: |    o=EB o + = o |
[   15.266621] cloud-init[925]: |   . oo S . + + o|
[   15.266767] cloud-init[925]: |    o    + +   o |
[   15.267001] cloud-init[925]: |   .      o +    |
[   15.267266] cloud-init[925]: |    +   o..+ .   |
[   15.267488] cloud-init[925]: |   . o.oo=o.=o   |
[   15.267771] cloud-init[925]: +----[SHA256]-----+
Starting iSCSI initiator daemon (iscsid)...
[[0;32m  OK  [0m] Reached target System Initialization.
[[0;32m  OK  [0m] Listening on D-Bus System Message Bus Socket.
[[0;32m  OK  [0m] Started Daily apt download activities.
[[0;32m  OK  [0m] Started Message of the Day.
         Starting Socket activation for snappy daemon.
[[0;32m  OK  [0m] Listening on ACPID Listen Socket.
[[0;32m  OK  [0m] Started ACPI Events Check.
[[0;32m  OK  [0m] Reached target Paths.
[[0;32m  OK  [0m] Listening on UUID daemon activation socket.
         Starting LXD - unix socket.
[[0;32m  OK  [0m] Started Daily apt upgrade and clean activities.
[[0;32m  OK  [0m] Started Daily Cleanup of Temporary Directories.
[[0;32m  OK  [0m] Reached target Timers.
[[0;32m  OK  [0m] Listening on Socket activation for snappy daemon.
[[0;32m  OK  [0m] Listening on LXD - unix socket.
[[0;32m  OK  [0m] Reached target Sockets.
[[0;32m  OK  [0m] Reached target Basic System.
         Starting System Logging Service...
         Starting Login Service...
[[0;32m  OK  [0m] Started D-Bus System Message Bus.
         Starting /etc/rc.local Compatibility...
         Starting Pollinate to seed the pseudo random number generator...
         Starting LXD - container startup/shutdown...
[[0;32m  OK  [0m] Started ACPI event daemon.
[[0;32m  OK  [0m] Started Deferred execution scheduler.
         Starting Accounts Service...
         Starting Virtualbox guest utils...
         Starting LSB: Record successful boot for GRUB...
         Starting LSB: MD monitoring daemon...
[[0;32m  OK  [0m] Started Regular background program processing daemon.
[[0;32m  OK  [0m] Started FUSE filesystem for LXC.
         Starting Snap Daemon...
[[0;32m  OK  [0m] Started System Logging Service.
[[0;32m  OK  [0m] Started iSCSI initiator daemon (iscsid).
[[0;32m  OK  [0m] Started /etc/rc.local Compatibility.
         Starting Login to default iSCSI targets...
[[0;32m  OK  [0m] Started Login Service.
[[0;32m  OK  [0m] Started Unattended Upgrades Shutdown.
[[0;32m  OK  [0m] Started Login to default iSCSI targets.
[[0;32m  OK  [0m] Reached target Remote File Systems (Pre).
[[0;32m  OK  [0m] Reached target Remote File Systems.
         Starting LSB: Set the CPU Frequency Scaling governor to "ondemand"...
         Starting LSB: daemon to balance interrupts for SMP systems...
         Starting LSB: automatic crash report generation...
         Starting Permit User Sessions...
[[0;32m  OK  [0m] Started Permit User Sessions.
         Starting Hold until boot process finishes up...
         Starting Terminate Plymouth Boot Screen...
[[0;32m  OK  [0m] Started Hold until boot process finishes up.
[[0;32m  OK  [0m] Started Terminate Plymouth Boot Screen.
[[0;32m  OK  [0m] Started Getty on tty1.
         Starting Set console scheme...
[[0;32m  OK  [0m] Started Serial Getty on ttyS0.
[[0;32m  OK  [0m] Reached target Login Prompts.
[[0;32m  OK  [0m] Started LSB: Set the CPU Frequency Scaling governor to "ondemand".
[[0;32m  OK  [0m] Started Set console scheme.
[[0;32m  OK  [0m] Started LSB: MD monitoring daemon.
[[0;32m  OK  [0m] Started LSB: daemon to balance interrupts for SMP systems.
[[0;32m  OK  [0m] Started LSB: automatic crash report generation.
         Starting Authenticate and Authorize Users to Run Privileged Tasks...
[[0;32m  OK  [0m] Started LSB: Record successful boot for GRUB.
[[0;32m  OK  [0m] Started Authenticate and Authorize Users to Run Privileged Tasks.
[[0;32m  OK  [0m] Started Accounts Service.
[[0;32m  OK  [0m] Started LXD - container startup/shutdown.
[[0;32m  OK  [0m] Started Virtualbox guest utils.
[[0;32m  OK  [0m] Started Pollinate to seed the pseudo random number generator.
         Starting OpenBSD Secure Shell server...
[[0;32m  OK  [0m] Started OpenBSD Secure Shell server.
[[0;32m  OK  [0m] Started Snap Daemon.
         Starting Wait until snapd is fully seeded...
[[0;32m  OK  [0m] Started Wait until snapd is fully seeded.
         Starting Apply the settings specified in cloud-config...
[[0;32m  OK  [0m] Reached target Multi-User System.
[[0;32m  OK  [0m] Reached target Graphical Interface.
         Starting Update UTMP about System Runlevel Changes...
[[0;32m  OK  [0m] Started Update UTMP about System Runlevel Changes.
[[0;32m  OK  [0m] Created slice User Slice of vagrant.
         Starting User Manager for UID 1000...
[[0;32m  OK  [0m] Started Session 1 of user vagrant.
[[0;32m  OK  [0m] Started User Manager for UID 1000.
[   18.100450] cloud-init[1273]: Generating locales (this might take a while)...
[   19.727016] cloud-init[1273]:   en_US.UTF-8... done
[   19.732959] cloud-init[1273]: Generation complete.
[   20.046692] cloud-init[1273]: Cloud-init v. 20.4.1-0ubuntu1~16.04.1 running 'modules:config' at Wed, 03 Mar 2021 13:51:27 +0000. Up 17.91 seconds.
[[0;32m  OK  [0m] Started Apply the settings specified in cloud-config.
         Starting Execute cloud user/final scripts...
ci-info: no authorized SSH keys fingerprints found for user ubuntu.
<14>Mar  3 13:51:30 ec2: 
<14>Mar  3 13:51:30 ec2: #############################################################
<14>Mar  3 13:51:30 ec2: -----BEGIN SSH HOST KEY FINGERPRINTS-----
<14>Mar  3 13:51:30 ec2: 1024 SHA256:qL1NGFjXj1fhjIFRdeLGwJ15VqpR8+7y9dOGW/yd3+4 root@ubuntu-xenial (DSA)
<14>Mar  3 13:51:30 ec2: 256 SHA256:i3+tahyUH11ZZS81P7KRHaCUNkWFRLIC39hxCuUYpd0 root@ubuntu-xenial (ECDSA)
<14>Mar  3 13:51:30 ec2: 256 SHA256:g5RfN3/YguHOvguFQmgjMTelXlVLKv63ynoyrmJDSXw root@ubuntu-xenial (ED25519)
<14>Mar  3 13:51:30 ec2: 2048 SHA256:y+bvbs3VE82/fDTehKOt44k93Cc02XIOhCfNEzXHcUs root@ubuntu-xenial (RSA)
<14>Mar  3 13:51:30 ec2: -----END SSH HOST KEY FINGERPRINTS-----
<14>Mar  3 13:51:30 ec2: #############################################################
-----BEGIN SSH HOST KEY KEYS-----
ecdsa-sha2-nistp256 AAAAE2VjZHNhLXNoYTItbmlzdHAyNTYAAAAIbmlzdHAyNTYAAABBBF7YROqRLMKpLR9jBw48fonwsC1YPeCzRCFGZpl1TrL7TRcnpFr0OqMs8jbGoTzRYYRIAqAg4RRs0xbtywNVenc= root@ubuntu-xenial
ssh-ed25519 AAAAC3NzaC1lZDI1NTE5AAAAIFC67exg5e6CHPoA0AQ3/L/uib4IYku1Ak2na71GBqvj root@ubuntu-xenial
ssh-rsa AAAAB3NzaC1yc2EAAAADAQABAAABAQCxNh9V53Kz0NZMKJhW/q10bChj8NSGarqLoxHnO3gfnGtE13zmh0mR3FD7ez3xVuTdL5/7feR9z9whc9A5OOMVwmBbZu5rYYsbzQ+JUOz/sveVtli+8EOuTziSJHknejQQEQ1pV8dBGcwPZ+5G42uZIFVbzgCeyNqGhDrsdjd1YcL/jIibiNUDX/PST5RMVzmGNtK1VpGsclKzv7qxLqqrXpAFFZaSoLNSzQv3KI9Uewtg5kQ9S70h8qH9YUMORwWjY3ikWJNwVaC4rR5trPiDrq1Y2Ymnwo/sKhe2zIdDbQUkUpQ1HzybhCqs+E6WBL13CVyRzHOH3ZaQ2SPh1oE3 root@ubuntu-xenial
-----END SSH HOST KEY KEYS-----
[   20.537826] cloud-init[1479]: Cloud-init v. 20.4.1-0ubuntu1~16.04.1 running 'modules:final' at Wed, 03 Mar 2021 13:51:30 +0000. Up 20.36 seconds.
[   20.542866] cloud-init[1479]: ci-info: no authorized SSH keys fingerprints found for user ubuntu.
[   20.546394] cloud-init[1479]: Cloud-init v. 20.4.1-0ubuntu1~16.04.1 finished at Wed, 03 Mar 2021 13:51:30 +0000. Datasource DataSourceNoCloud [seed=/dev/sdb][dsmode=net].  Up 20.53 seconds
[[0;32m  OK  [0m] Started Execute cloud user/final scripts.
[[0;32m  OK  [0m] Reached target Cloud-init target.

Ubuntu 16.04.7 LTS ubuntu-xenial ttyS0

ubuntu-xenial login: 